[2026-07-10 20:45:09] [INFO] --- Avvio test connessione iReservation ---
[2026-07-10 20:45:09] [ERROR] Eccezione durante l'autenticazione: 403 Client Error: Forbidden for url: https://api.ireservation.it/v1/oauth2/authorizations
[2026-07-10 20:45:09] [ERROR] Impossibile ottenere il token. Verifica le credenziali nel file .env
[2026-10-08 09:07:54] [INFO] === AVVIO DEMONE DI SINCRONIZZAZIONE (30s loop) ===
[2026-10-08 09:07:54] [ERROR] Errore autenticazione: 403 Client Error: Forbidden for url: https://api.ireservation.it/v1/oauth2/authorizations
[2026-10-08 09:07:54] [WARNING] Token non ottenuto. Skip di questo ciclo.
[2026-10-08 09:08:25] [ERROR] Errore autenticazione: 403 Client Error: Forbidden for url: https://api.ireservation.it/v1/oauth2/authorizations
[2026-10-08 09:08:25] [WARNING] Token non ottenuto. Skip di questo ciclo.
[2026-10-08 09:08:55] [ERROR] Errore autenticazione: 403 Client Error: Forbidden for url: https://api.ireservation.it/v1/oauth2/authorizations
[2026-10-08 09:08:55] [WARNING] Token non ottenuto. Skip di questo ciclo.
[2026-10-08 09:09:19] [INFO] === AVVIO DEMONE DI SINCRONIZZAZIONE (30s loop) ===
[2026-10-08 09:09:19] [ERROR] Errore autenticazione: 403 Client Error: Forbidden for url: https://api.ireservation.it/v1/oauth2/authorizations
[2026-10-08 09:09:19] [WARNING] Token non ottenuto. Skip di questo ciclo.
[2026-10-08 09:09:50] [ERROR] Errore autenticazione: 403 Client Error: Forbidden for url: https://api.ireservation.it/v1/oauth2/authorizations
[2026-10-08 09:09:50] [WARNING] Token non ottenuto. Skip di questo ciclo.
[2026-10-08 09:10:21] [ERROR] Errore autenticazione: 403 Client Error: Forbidden for url: https://api.ireservation.it/v1/oauth2/authorizations
[2026-10-08 09:10:21] [WARNING] Token non ottenuto. Skip di questo ciclo.
[2026-10-08 09:10:51] [ERROR] Errore autenticazione: 403 Client Error: Forbidden for url: https://api.ireservation.it/v1/oauth2/authorizations
[2026-10-08 09:10:51] [WARNING] Token non ottenuto. Skip di questo ciclo.
[2026-10-08 09:11:21] [ERROR] Errore autenticazione: 403 Client Error: Forbidden for url: https://api.ireservation.it/v1/oauth2/authorizations
[2026-10-08 09:11:21] [WARNING] Token non ottenuto. Skip di questo ciclo.
[2026-10-08 09:11:52] [ERROR] Errore autenticazione: 403 Client Error: Forbidden for url: https://api.ireservation.it/v1/oauth2/authorizations
[2026-10-08 09:11:52] [WARNING] Token non ottenuto. Skip di questo ciclo.
[2026-10-08 09:12:22] [ERROR] Errore autenticazione: 403 Client Error: Forbidden for url: https://api.ireservation.it/v1/oauth2/authorizations
[2026-10-08 09:12:22] [WARNING] Token non ottenuto. Skip di questo ciclo.
[2026-10-08 09:12:53] [ERROR] Errore autenticazione: 403 Client Error: Forbidden for url: https://api.ireservation.it/v1/oauth2/authorizations
[2026-10-08 09:12:53] [WARNING] Token non ottenuto. Skip di questo ciclo.
[2026-10-08 09:13:23] [ERROR] Errore autenticazione: 403 Client Error: Forbidden for url: https://api.ireservation.it/v1/oauth2/authorizations
[2026-10-08 09:13:23] [WARNING] Token non ottenuto. Skip di questo ciclo.
[2026-10-08 09:13:54] [ERROR] Errore autenticazione: 403 Client Error: Forbidden for url: https://api.ireservation.it/v1/oauth2/authorizations
[2026-10-08 09:13:54] [WARNING] Token non ottenuto. Skip di questo ciclo.
[2026-10-08 09:14:24] [ERROR] Errore autenticazione: 403 Client Error: Forbidden for url: https://api.ireservation.it/v1/oauth2/authorizations
[2026-10-08 09:14:24] [WARNING] Token non ottenuto. Skip di questo ciclo.
[2026-10-08 09:14:54] [ERROR] Errore autenticazione: 403 Client Error: Forbidden for url: https://api.ireservation.it/v1/oauth2/authorizations
[2026-10-08 09:14:54] [WARNING] Token non ottenuto. Skip di questo ciclo.
[2026-10-08 09:15:25] [ERROR] Errore autenticazione: 403 Client Error: Forbidden for url: https://api.ireservation.it/v1/oauth2/authorizations
[2026-10-08 09:15:25] [WARNING] Token non ottenuto. Skip di questo ciclo.
[2026-10-08 09:15:56] [ERROR] Errore autenticazione: 403 Client Error: Forbidden for url: https://api.ireservation.it/v1/oauth2/authorizations
[2026-10-08 09:15:56] [WARNING] Token non ottenuto. Skip di questo ciclo.
[2026-10-08 09:16:26] [ERROR] Errore autenticazione: 403 Client Error: Forbidden for url: https://api.ireservation.it/v1/oauth2/authorizations
[2026-10-08 09:16:26] [WARNING] Token non ottenuto. Skip di questo ciclo.
[2026-10-08 09:16:57] [ERROR] Errore autenticazione: 403 Client Error: Forbidden for url: https://api.ireservation.it/v1/oauth2/authorizations
[2026-10-08 09:16:57] [WARNING] Token non ottenuto. Skip di questo ciclo.
[2026-10-08 09:17:28] [ERROR] Errore autenticazione: 403 Client Error: Forbidden for url: https://api.ireservation.it/v1/oauth2/authorizations
[2026-10-08 09:17:28] [WARNING] Token non ottenuto. Skip di questo ciclo.
[2026-10-08 09:17:58] [ERROR] Errore autenticazione: 403 Client Error: Forbidden for url: https://api.ireservation.it/v1/oauth2/authorizations
[2026-10-08 09:17:58] [WARNING] Token non ottenuto. Skip di questo ciclo.
[2026-10-08 09:18:29] [ERROR] Errore autenticazione: 403 Client Error: Forbidden for url: https://api.ireservation.it/v1/oauth2/authorizations
[2026-10-08 09:18:29] [WARNING] Token non ottenuto. Skip di questo ciclo.
[2026-10-08 09:18:59] [ERROR] Errore autenticazione: 403 Client Error: Forbidden for url: https://api.ireservation.it/v1/oauth2/authorizations
[2026-10-08 09:18:59] [WARNING] Token non ottenuto. Skip di questo ciclo.
[2026-10-08 09:19:30] [ERROR] Errore autenticazione: 403 Client Error: Forbidden for url: https://api.ireservation.it/v1/oauth2/authorizations
[2026-10-08 09:19:30] [WARNING] Token non ottenuto. Skip di questo ciclo.
[2026-10-08 09:20:00] [ERROR] Errore autenticazione: 403 Client Error: Forbidden for url: https://api.ireservation.it/v1/oauth2/authorizations
[2026-10-08 09:20:00] [WARNING] Token non ottenuto. Skip di questo ciclo.
[2026-10-08 09:20:31] [ERROR] Errore autenticazione: 403 Client Error: Forbidden for url: https://api.ireservation.it/v1/oauth2/authorizations
[2026-10-08 09:20:31] [WARNING] Token non ottenuto. Skip di questo ciclo.
[2026-10-08 09:21:01] [ERROR] Errore autenticazione: 403 Client Error: Forbidden for url: https://api.ireservation.it/v1/oauth2/authorizations
[2026-10-08 09:21:01] [WARNING] Token non ottenuto. Skip di questo ciclo.
[2026-10-08 09:21:32] [ERROR] Errore autenticazione: 403 Client Error: Forbidden for url: https://api.ireservation.it/v1/oauth2/authorizations
[2026-10-08 09:21:32] [WARNING] Token non ottenuto. Skip di questo ciclo.
[2026-10-08 09:22:02] [ERROR] Errore autenticazione: 403 Client Error: Forbidden for url: https://api.ireservation.it/v1/oauth2/authorizations
[2026-10-08 09:22:02] [WARNING] Token non ottenuto. Skip di questo ciclo.
[2026-10-08 09:22:33] [ERROR] Errore autenticazione: 403 Client Error: Forbidden for url: https://api.ireservation.it/v1/oauth2/authorizations
[2026-10-08 09:22:33] [WARNING] Token non ottenuto. Skip di questo ciclo.
[2026-10-08 09:23:03] [ERROR] Errore autenticazione: 403 Client Error: Forbidden for url: https://api.ireservation.it/v1/oauth2/authorizations
[2026-10-08 09:23:03] [WARNING] Token non ottenuto. Skip di questo ciclo.
[2026-10-08 09:23:34] [ERROR] Errore autenticazione: 403 Client Error: Forbidden for url: https://api.ireservation.it/v1/oauth2/authorizations
[2026-10-08 09:23:34] [WARNING] Token non ottenuto. Skip di questo ciclo.
[2026-10-08 09:24:05] [ERROR] Errore autenticazione: 403 Client Error: Forbidden for url: https://api.ireservation.it/v1/oauth2/authorizations
[2026-10-08 09:24:05] [WARNING] Token non ottenuto. Skip di questo ciclo.
[2026-10-08 09:24:36] [ERROR] Errore autenticazione: 403 Client Error: Forbidden for url: https://api.ireservation.it/v1/oauth2/authorizations
[2026-10-08 09:24:36] [WARNING] Token non ottenuto. Skip di questo ciclo.
[2026-10-08 09:25:06] [ERROR] Errore autenticazione: 403 Client Error: Forbidden for url: https://api.ireservation.it/v1/oauth2/authorizations
[2026-10-08 09:25:06] [WARNING] Token non ottenuto. Skip di questo ciclo.
[2026-10-08 09:25:37] [ERROR] Errore autenticazione: 403 Client Error: Forbidden for url: https://api.ireservation.it/v1/oauth2/authorizations
[2026-10-08 09:25:37] [WARNING] Token non ottenuto. Skip di questo ciclo.
[2026-10-08 09:26:07] [ERROR] Errore autenticazione: 403 Client Error: Forbidden for url: https://api.ireservation.it/v1/oauth2/authorizations
[2026-10-08 09:26:07] [WARNING] Token non ottenuto. Skip di questo ciclo.
[2026-10-08 09:26:38] [ERROR] Errore autenticazione: 403 Client Error: Forbidden for url: https://api.ireservation.it/v1/oauth2/authorizations
[2026-10-08 09:26:38] [WARNING] Token non ottenuto. Skip di questo ciclo.
[2026-10-08 09:27:09] [ERROR] Errore autenticazione: 403 Client Error: Forbidden for url: https://api.ireservation.it/v1/oauth2/authorizations
[2026-10-08 09:27:09] [WARNING] Token non ottenuto. Skip di questo ciclo.
[2026-10-08 09:27:39] [ERROR] Errore autenticazione: 403 Client Error: Forbidden for url: https://api.ireservation.it/v1/oauth2/authorizations
[2026-10-08 09:27:39] [WARNING] Token non ottenuto. Skip di questo ciclo.
[2026-10-08 09:28:10] [ERROR] Errore autenticazione: 403 Client Error: Forbidden for url: https://api.ireservation.it/v1/oauth2/authorizations
[2026-10-08 09:28:10] [WARNING] Token non ottenuto. Skip di questo ciclo.
[2026-10-08 09:28:40] [ERROR] Errore autenticazione: 403 Client Error: Forbidden for url: https://api.ireservation.it/v1/oauth2/authorizations
[2026-10-08 09:28:40] [WARNING] Token non ottenuto. Skip di questo ciclo.
[2026-10-08 09:29:11] [ERROR] Errore autenticazione: 403 Client Error: Forbidden for url: https://api.ireservation.it/v1/oauth2/authorizations
[2026-10-08 09:29:11] [WARNING] Token non ottenuto. Skip di questo ciclo.
[2026-10-08 09:29:42] [ERROR] Errore autenticazione: 403 Client Error: Forbidden for url: https://api.ireservation.it/v1/oauth2/authorizations
[2026-10-08 09:29:42] [WARNING] Token non ottenuto. Skip di questo ciclo.
[2026-10-08 09:30:12] [ERROR] Errore autenticazione: 403 Client Error: Forbidden for url: https://api.ireservation.it/v1/oauth2/authorizations
[2026-10-08 09:30:12] [WARNING] Token non ottenuto. Skip di questo ciclo.
[2026-10-08 09:30:43] [ERROR] Errore autenticazione: 403 Client Error: Forbidden for url: https://api.ireservation.it/v1/oauth2/authorizations
[2026-10-08 09:30:43] [WARNING] Token non ottenuto. Skip di questo ciclo.
[2026-10-08 09:31:13] [ERROR] Errore autenticazione: 403 Client Error: Forbidden for url: https://api.ireservation.it/v1/oauth2/authorizations
[2026-10-08 09:31:13] [WARNING] Token non ottenuto. Skip di questo ciclo.
[2026-10-08 09:31:44] [ERROR] Errore autenticazione: 403 Client Error: Forbidden for url: https://api.ireservation.it/v1/oauth2/authorizations
[2026-10-08 09:31:44] [WARNING] Token non ottenuto. Skip di questo ciclo.
[2026-10-08 09:32:14] [ERROR] Errore autenticazione: 403 Client Error: Forbidden for url: https://api.ireservation.it/v1/oauth2/authorizations
[2026-10-08 09:32:14] [WARNING] Token non ottenuto. Skip di questo ciclo.
[2026-10-08 09:32:45] [ERROR] Errore autenticazione: 403 Client Error: Forbidden for url: https://api.ireservation.it/v1/oauth2/authorizations
[2026-10-08 09:32:45] [WARNING] Token non ottenuto. Skip di questo ciclo.
[2026-10-08 09:33:16] [ERROR] Errore autenticazione: 403 Client Error: Forbidden for url: https://api.ireservation.it/v1/oauth2/authorizations
[2026-10-08 09:33:16] [WARNING] Token non ottenuto. Skip di questo ciclo.
[2026-10-08 09:33:46] [ERROR] Errore autenticazione: 403 Client Error: Forbidden for url: https://api.ireservation.it/v1/oauth2/authorizations
[2026-10-08 09:33:46] [WARNING] Token non ottenuto. Skip di questo ciclo.
[2026-10-08 09:34:17] [ERROR] Errore autenticazione: 403 Client Error: Forbidden for url: https://api.ireservation.it/v1/oauth2/authorizations
[2026-10-08 09:34:17] [WARNING] Token non ottenuto. Skip di questo ciclo.
[2026-10-08 09:34:48] [ERROR] Errore autenticazione: 403 Client Error: Forbidden for url: https://api.ireservation.it/v1/oauth2/authorizations
[2026-10-08 09:34:48] [WARNING] Token non ottenuto. Skip di questo ciclo.
[2026-10-08 09:35:19] [ERROR] Errore autenticazione: 403 Client Error: Forbidden for url: https://api.ireservation.it/v1/oauth2/authorizations
[2026-10-08 09:35:19] [WARNING] Token non ottenuto. Skip di questo ciclo.
[2026-10-08 09:35:49] [ERROR] Errore autenticazione: 403 Client Error: Forbidden for url: https://api.ireservation.it/v1/oauth2/authorizations
[2026-10-08 09:35:49] [WARNING] Token non ottenuto. Skip di questo ciclo.
[2026-10-08 09:36:19] [ERROR] Errore autenticazione: 403 Client Error: Forbidden for url: https://api.ireservation.it/v1/oauth2/authorizations
[2026-10-08 09:36:19] [WARNING] Token non ottenuto. Skip di questo ciclo.
[2026-10-08 09:36:50] [ERROR] Errore autenticazione: 403 Client Error: Forbidden for url: https://api.ireservation.it/v1/oauth2/authorizations
[2026-10-08 09:36:50] [WARNING] Token non ottenuto. Skip di questo ciclo.
[2026-10-08 09:37:21] [ERROR] Errore autenticazione: 403 Client Error: Forbidden for url: https://api.ireservation.it/v1/oauth2/authorizations
[2026-10-08 09:37:21] [WARNING] Token non ottenuto. Skip di questo ciclo.
[2026-10-08 09:37:51] [ERROR] Errore autenticazione: 403 Client Error: Forbidden for url: https://api.ireservation.it/v1/oauth2/authorizations
[2026-10-08 09:37:51] [WARNING] Token non ottenuto. Skip di questo ciclo.
[2026-10-08 09:38:21] [ERROR] Errore autenticazione: 403 Client Error: Forbidden for url: https://api.ireservation.it/v1/oauth2/authorizations
[2026-10-08 09:38:21] [WARNING] Token non ottenuto. Skip di questo ciclo.
[2026-10-08 09:38:52] [ERROR] Errore autenticazione: 403 Client Error: Forbidden for url: https://api.ireservation.it/v1/oauth2/authorizations
[2026-10-08 09:38:52] [WARNING] Token non ottenuto. Skip di questo ciclo.
[2026-10-08 09:39:22] [ERROR] Errore autenticazione: 403 Client Error: Forbidden for url: https://api.ireservation.it/v1/oauth2/authorizations
[2026-10-08 09:39:22] [WARNING] Token non ottenuto. Skip di questo ciclo.
[2026-10-08 09:39:53] [ERROR] Errore autenticazione: 403 Client Error: Forbidden for url: https://api.ireservation.it/v1/oauth2/authorizations
[2026-10-08 09:39:53] [WARNING] Token non ottenuto. Skip di questo ciclo.
[2026-10-08 09:40:23] [ERROR] Errore autenticazione: 403 Client Error: Forbidden for url: https://api.ireservation.it/v1/oauth2/authorizations
[2026-10-08 09:40:23] [WARNING] Token non ottenuto. Skip di questo ciclo.
[2026-10-08 09:40:53] [ERROR] Errore autenticazione: 403 Client Error: Forbidden for url: https://api.ireservation.it/v1/oauth2/authorizations
[2026-10-08 09:40:53] [WARNING] Token non ottenuto. Skip di questo ciclo.
[2026-10-08 09:41:24] [ERROR] Errore autenticazione: 403 Client Error: Forbidden for url: https://api.ireservation.it/v1/oauth2/authorizations
[2026-10-08 09:41:24] [WARNING] Token non ottenuto. Skip di questo ciclo.
[2026-10-08 09:41:54] [ERROR] Errore autenticazione: 403 Client Error: Forbidden for url: https://api.ireservation.it/v1/oauth2/authorizations
[2026-10-08 09:41:54] [WARNING] Token non ottenuto. Skip di questo ciclo.
[2026-10-08 09:42:24] [ERROR] Errore autenticazione: 403 Client Error: Forbidden for url: https://api.ireservation.it/v1/oauth2/authorizations
[2026-10-08 09:42:24] [WARNING] Token non ottenuto. Skip di questo ciclo.
[2026-10-08 09:42:55] [ERROR] Errore autenticazione: 403 Client Error: Forbidden for url: https://api.ireservation.it/v1/oauth2/authorizations
[2026-10-08 09:42:55] [WARNING] Token non ottenuto. Skip di questo ciclo.
[2026-10-08 09:43:25] [ERROR] Errore autenticazione: 403 Client Error: Forbidden for url: https://api.ireservation.it/v1/oauth2/authorizations
[2026-10-08 09:43:25] [WARNING] Token non ottenuto. Skip di questo ciclo.
[2026-10-08 09:43:56] [ERROR] Errore autenticazione: 403 Client Error: Forbidden for url: https://api.ireservation.it/v1/oauth2/authorizations
[2026-10-08 09:43:56] [WARNING] Token non ottenuto. Skip di questo ciclo.
[2026-10-08 09:44:26] [ERROR] Errore autenticazione: 403 Client Error: Forbidden for url: https://api.ireservation.it/v1/oauth2/authorizations
[2026-10-08 09:44:26] [WARNING] Token non ottenuto. Skip di questo ciclo.
[2026-10-08 09:44:56] [ERROR] Errore autenticazione: 403 Client Error: Forbidden for url: https://api.ireservation.it/v1/oauth2/authorizations
[2026-10-08 09:44:56] [WARNING] Token non ottenuto. Skip di questo ciclo.
[2026-10-08 09:45:27] [ERROR] Errore autenticazione: 403 Client Error: Forbidden for url: https://api.ireservation.it/v1/oauth2/authorizations
[2026-10-08 09:45:27] [WARNING] Token non ottenuto. Skip di questo ciclo.
[2026-10-08 09:45:57] [ERROR] Errore autenticazione: 403 Client Error: Forbidden for url: https://api.ireservation.it/v1/oauth2/authorizations
[2026-10-08 09:45:57] [WARNING] Token non ottenuto. Skip di questo ciclo.
[2026-10-08 09:46:28] [ERROR] Errore autenticazione: 403 Client Error: Forbidden for url: https://api.ireservation.it/v1/oauth2/authorizations
[2026-10-08 09:46:28] [WARNING] Token non ottenuto. Skip di questo ciclo.
[2026-10-08 09:46:58] [ERROR] Errore autenticazione: 403 Client Error: Forbidden for url: https://api.ireservation.it/v1/oauth2/authorizations
[2026-10-08 09:46:58] [WARNING] Token non ottenuto. Skip di questo ciclo.
[2026-10-08 09:47:28] [ERROR] Errore autenticazione: 403 Client Error: Forbidden for url: https://api.ireservation.it/v1/oauth2/authorizations
[2026-10-08 09:47:28] [WARNING] Token non ottenuto. Skip di questo ciclo.
[2026-10-08 09:47:59] [ERROR] Errore autenticazione: 403 Client Error: Forbidden for url: https://api.ireservation.it/v1/oauth2/authorizations
[2026-10-08 09:47:59] [WARNING] Token non ottenuto. Skip di questo ciclo.
[2026-10-08 09:48:29] [ERROR] Errore autenticazione: 403 Client Error: Forbidden for url: https://api.ireservation.it/v1/oauth2/authorizations
[2026-10-08 09:48:29] [WARNING] Token non ottenuto. Skip di questo ciclo.
[2026-10-08 09:49:00] [ERROR] Errore autenticazione: 403 Client Error: Forbidden for url: https://api.ireservation.it/v1/oauth2/authorizations
[2026-10-08 09:49:00] [WARNING] Token non ottenuto. Skip di questo ciclo.
[2026-10-08 09:49:30] [ERROR] Errore autenticazione: 403 Client Error: Forbidden for url: https://api.ireservation.it/v1/oauth2/authorizations
[2026-10-08 09:49:30] [WARNING] Token non ottenuto. Skip di questo ciclo.
[2026-10-08 09:50:00] [ERROR] Errore autenticazione: 403 Client Error: Forbidden for url: https://api.ireservation.it/v1/oauth2/authorizations
[2026-10-08 09:50:00] [WARNING] Token non ottenuto. Skip di questo ciclo.
[2026-10-08 09:50:31] [ERROR] Errore autenticazione: 403 Client Error: Forbidden for url: https://api.ireservation.it/v1/oauth2/authorizations
[2026-10-08 09:50:31] [WARNING] Token non ottenuto. Skip di questo ciclo.
[2026-10-08 09:51:01] [ERROR] Errore autenticazione: 403 Client Error: Forbidden for url: https://api.ireservation.it/v1/oauth2/authorizations
[2026-10-08 09:51:01] [WARNING] Token non ottenuto. Skip di questo ciclo.
[2026-10-08 09:51:32] [ERROR] Errore autenticazione: 403 Client Error: Forbidden for url: https://api.ireservation.it/v1/oauth2/authorizations
[2026-10-08 09:51:32] [WARNING] Token non ottenuto. Skip di questo ciclo.
[2026-10-08 09:52:02] [ERROR] Errore autenticazione: 403 Client Error: Forbidden for url: https://api.ireservation.it/v1/oauth2/authorizations
[2026-10-08 09:52:02] [WARNING] Token non ottenuto. Skip di questo ciclo.
[2026-10-08 09:52:32] [ERROR] Errore autenticazione: 403 Client Error: Forbidden for url: https://api.ireservation.it/v1/oauth2/authorizations
[2026-10-08 09:52:32] [WARNING] Token non ottenuto. Skip di questo ciclo.
[2026-10-08 09:53:03] [ERROR] Errore autenticazione: 403 Client Error: Forbidden for url: https://api.ireservation.it/v1/oauth2/authorizations
[2026-10-08 09:53:03] [WARNING] Token non ottenuto. Skip di questo ciclo.
[2026-10-08 09:53:33] [ERROR] Errore autenticazione: 403 Client Error: Forbidden for url: https://api.ireservation.it/v1/oauth2/authorizations
[2026-10-08 09:53:33] [WARNING] Token non ottenuto. Skip di questo ciclo.
[2026-10-08 09:54:04] [ERROR] Errore autenticazione: 403 Client Error: Forbidden for url: https://api.ireservation.it/v1/oauth2/authorizations
[2026-10-08 09:54:04] [WARNING] Token non ottenuto. Skip di questo ciclo.
[2026-10-08 09:54:34] [ERROR] Errore autenticazione: 403 Client Error: Forbidden for url: https://api.ireservation.it/v1/oauth2/authorizations
[2026-10-08 09:54:34] [WARNING] Token non ottenuto. Skip di questo ciclo.
[2026-10-08 09:55:04] [ERROR] Errore autenticazione: 403 Client Error: Forbidden for url: https://api.ireservation.it/v1/oauth2/authorizations
[2026-10-08 09:55:04] [WARNING] Token non ottenuto. Skip di questo ciclo.
[2026-10-08 09:55:35] [ERROR] Errore autenticazione: 403 Client Error: Forbidden for url: https://api.ireservation.it/v1/oauth2/authorizations
[2026-10-08 09:55:35] [WARNING] Token non ottenuto. Skip di questo ciclo.
[2026-10-08 09:56:05] [ERROR] Errore autenticazione: 403 Client Error: Forbidden for url: https://api.ireservation.it/v1/oauth2/authorizations
[2026-10-08 09:56:05] [WARNING] Token non ottenuto. Skip di questo ciclo.
[2026-10-08 09:56:36] [ERROR] Errore autenticazione: 403 Client Error: Forbidden for url: https://api.ireservation.it/v1/oauth2/authorizations
[2026-10-08 09:56:36] [WARNING] Token non ottenuto. Skip di questo ciclo.
[2026-10-08 09:57:06] [ERROR] Errore autenticazione: 403 Client Error: Forbidden for url: https://api.ireservation.it/v1/oauth2/authorizations
[2026-10-08 09:57:06] [WARNING] Token non ottenuto. Skip di questo ciclo.
[2026-10-08 09:57:36] [ERROR] Errore autenticazione: 403 Client Error: Forbidden for url: https://api.ireservation.it/v1/oauth2/authorizations
[2026-10-08 09:57:36] [WARNING] Token non ottenuto. Skip di questo ciclo.
[2026-10-08 09:58:07] [ERROR] Errore autenticazione: 403 Client Error: Forbidden for url: https://api.ireservation.it/v1/oauth2/authorizations
[2026-10-08 09:58:07] [WARNING] Token non ottenuto. Skip di questo ciclo.
[2026-10-08 09:58:37] [ERROR] Errore autenticazione: 403 Client Error: Forbidden for url: https://api.ireservation.it/v1/oauth2/authorizations
[2026-10-08 09:58:37] [WARNING] Token non ottenuto. Skip di questo ciclo.
[2026-10-08 09:59:08] [ERROR] Errore autenticazione: 403 Client Error: Forbidden for url: https://api.ireservation.it/v1/oauth2/authorizations
[2026-10-08 09:59:08] [WARNING] Token non ottenuto. Skip di questo ciclo.
[2026-10-08 09:59:38] [ERROR] Errore autenticazione: 403 Client Error: Forbidden for url: https://api.ireservation.it/v1/oauth2/authorizations
[2026-10-08 09:59:38] [WARNING] Token non ottenuto. Skip di questo ciclo.
[2026-10-08 10:00:08] [ERROR] Errore autenticazione: 403 Client Error: Forbidden for url: https://api.ireservation.it/v1/oauth2/authorizations
[2026-10-08 10:00:08] [WARNING] Token non ottenuto. Skip di questo ciclo.
[2026-10-08 10:00:39] [ERROR] Errore autenticazione: 403 Client Error: Forbidden for url: https://api.ireservation.it/v1/oauth2/authorizations
[2026-10-08 10:00:39] [WARNING] Token non ottenuto. Skip di questo ciclo.
[2026-10-08 10:01:09] [ERROR] Errore autenticazione: 403 Client Error: Forbidden for url: https://api.ireservation.it/v1/oauth2/authorizations
[2026-10-08 10:01:09] [WARNING] Token non ottenuto. Skip di questo ciclo.
[2026-10-08 10:01:40] [ERROR] Errore autenticazione: 403 Client Error: Forbidden for url: https://api.ireservation.it/v1/oauth2/authorizations
[2026-10-08 10:01:40] [WARNING] Token non ottenuto. Skip di questo ciclo.
[2026-10-08 10:02:10] [ERROR] Errore autenticazione: 403 Client Error: Forbidden for url: https://api.ireservation.it/v1/oauth2/authorizations
[2026-10-08 10:02:10] [WARNING] Token non ottenuto. Skip di questo ciclo.
[2026-10-08 10:02:40] [ERROR] Errore autenticazione: 403 Client Error: Forbidden for url: https://api.ireservation.it/v1/oauth2/authorizations
[2026-10-08 10:02:40] [WARNING] Token non ottenuto. Skip di questo ciclo.
[2026-10-08 10:03:11] [ERROR] Errore autenticazione: 403 Client Error: Forbidden for url: https://api.ireservation.it/v1/oauth2/authorizations
[2026-10-08 10:03:11] [WARNING] Token non ottenuto. Skip di questo ciclo.
[2026-10-08 10:03:41] [ERROR] Errore autenticazione: 403 Client Error: Forbidden for url: https://api.ireservation.it/v1/oauth2/authorizations
[2026-10-08 10:03:41] [WARNING] Token non ottenuto. Skip di questo ciclo.
[2026-10-08 10:04:12] [ERROR] Errore autenticazione: 403 Client Error: Forbidden for url: https://api.ireservation.it/v1/oauth2/authorizations
[2026-10-08 10:04:12] [WARNING] Token non ottenuto. Skip di questo ciclo.
[2026-10-08 10:04:42] [ERROR] Errore autenticazione: 403 Client Error: Forbidden for url: https://api.ireservation.it/v1/oauth2/authorizations
[2026-10-08 10:04:42] [WARNING] Token non ottenuto. Skip di questo ciclo.
[2026-10-08 10:05:12] [ERROR] Errore autenticazione: 403 Client Error: Forbidden for url: https://api.ireservation.it/v1/oauth2/authorizations
[2026-10-08 10:05:12] [WARNING] Token non ottenuto. Skip di questo ciclo.
[2026-10-08 10:05:43] [ERROR] Errore autenticazione: 403 Client Error: Forbidden for url: https://api.ireservation.it/v1/oauth2/authorizations
[2026-10-08 10:05:43] [WARNING] Token non ottenuto. Skip di questo ciclo.
[2026-10-08 10:06:13] [ERROR] Errore autenticazione: 403 Client Error: Forbidden for url: https://api.ireservation.it/v1/oauth2/authorizations
[2026-10-08 10:06:13] [WARNING] Token non ottenuto. Skip di questo ciclo.
[2026-10-08 10:06:44] [ERROR] Errore autenticazione: 403 Client Error: Forbidden for url: https://api.ireservation.it/v1/oauth2/authorizations
[2026-10-08 10:06:44] [WARNING] Token non ottenuto. Skip di questo ciclo.
[2026-10-08 10:07:14] [ERROR] Errore autenticazione: 403 Client Error: Forbidden for url: https://api.ireservation.it/v1/oauth2/authorizations
[2026-10-08 10:07:14] [WARNING] Token non ottenuto. Skip di questo ciclo.
[2026-10-08 10:07:44] [ERROR] Errore autenticazione: 403 Client Error: Forbidden for url: https://api.ireservation.it/v1/oauth2/authorizations
[2026-10-08 10:07:44] [WARNING] Token non ottenuto. Skip di questo ciclo.
[2026-10-08 10:08:15] [ERROR] Errore autenticazione: 403 Client Error: Forbidden for url: https://api.ireservation.it/v1/oauth2/authorizations
[2026-10-08 10:08:15] [WARNING] Token non ottenuto. Skip di questo ciclo.
[2026-10-08 10:08:45] [ERROR] Errore autenticazione: 403 Client Error: Forbidden for url: https://api.ireservation.it/v1/oauth2/authorizations
[2026-10-08 10:08:45] [WARNING] Token non ottenuto. Skip di questo ciclo.
[2026-10-08 10:09:16] [ERROR] Errore autenticazione: 403 Client Error: Forbidden for url: https://api.ireservation.it/v1/oauth2/authorizations
[2026-10-08 10:09:16] [WARNING] Token non ottenuto. Skip di questo ciclo.
[2026-10-08 10:09:46] [ERROR] Errore autenticazione: 403 Client Error: Forbidden for url: https://api.ireservation.it/v1/oauth2/authorizations
[2026-10-08 10:09:46] [WARNING] Token non ottenuto. Skip di questo ciclo.
[2026-10-08 10:10:16] [ERROR] Errore autenticazione: 403 Client Error: Forbidden for url: https://api.ireservation.it/v1/oauth2/authorizations
[2026-10-08 10:10:16] [WARNING] Token non ottenuto. Skip di questo ciclo.
[2026-10-08 10:10:47] [ERROR] Errore autenticazione: 403 Client Error: Forbidden for url: https://api.ireservation.it/v1/oauth2/authorizations
[2026-10-08 10:10:47] [WARNING] Token non ottenuto. Skip di questo ciclo.
[2026-10-08 10:11:17] [ERROR] Errore autenticazione: 403 Client Error: Forbidden for url: https://api.ireservation.it/v1/oauth2/authorizations
[2026-10-08 10:11:17] [WARNING] Token non ottenuto. Skip di questo ciclo.
[2026-10-08 10:11:48] [ERROR] Errore autenticazione: 403 Client Error: Forbidden for url: https://api.ireservation.it/v1/oauth2/authorizations
[2026-10-08 10:11:48] [WARNING] Token non ottenuto. Skip di questo ciclo.
[2026-10-08 10:12:18] [ERROR] Errore autenticazione: 403 Client Error: Forbidden for url: https://api.ireservation.it/v1/oauth2/authorizations
[2026-10-08 10:12:18] [WARNING] Token non ottenuto. Skip di questo ciclo.
[2026-10-08 10:12:48] [ERROR] Errore autenticazione: 403 Client Error: Forbidden for url: https://api.ireservation.it/v1/oauth2/authorizations
[2026-10-08 10:12:48] [WARNING] Token non ottenuto. Skip di questo ciclo.
[2026-10-08 10:13:19] [ERROR] Errore autenticazione: 403 Client Error: Forbidden for url: https://api.ireservation.it/v1/oauth2/authorizations
[2026-10-08 10:13:19] [WARNING] Token non ottenuto. Skip di questo ciclo.
[2026-10-08 10:13:49] [ERROR] Errore autenticazione: 403 Client Error: Forbidden for url: https://api.ireservation.it/v1/oauth2/authorizations
[2026-10-08 10:13:49] [WARNING] Token non ottenuto. Skip di questo ciclo.
[2026-10-08 10:14:20] [ERROR] Errore autenticazione: 403 Client Error: Forbidden for url: https://api.ireservation.it/v1/oauth2/authorizations
[2026-10-08 10:14:20] [WARNING] Token non ottenuto. Skip di questo ciclo.
[2026-10-08 10:14:50] [ERROR] Errore autenticazione: 403 Client Error: Forbidden for url: https://api.ireservation.it/v1/oauth2/authorizations
[2026-10-08 10:14:50] [WARNING] Token non ottenuto. Skip di questo ciclo.
[2026-10-08 10:15:20] [ERROR] Errore autenticazione: 403 Client Error: Forbidden for url: https://api.ireservation.it/v1/oauth2/authorizations
[2026-10-08 10:15:20] [WARNING] Token non ottenuto. Skip di questo ciclo.
[2026-10-08 10:15:51] [ERROR] Errore autenticazione: 403 Client Error: Forbidden for url: https://api.ireservation.it/v1/oauth2/authorizations
[2026-10-08 10:15:51] [WARNING] Token non ottenuto. Skip di questo ciclo.
[2026-10-08 10:16:21] [ERROR] Errore autenticazione: 403 Client Error: Forbidden for url: https://api.ireservation.it/v1/oauth2/authorizations
[2026-10-08 10:16:21] [WARNING] Token non ottenuto. Skip di questo ciclo.
[2026-10-08 10:16:52] [ERROR] Errore autenticazione: 403 Client Error: Forbidden for url: https://api.ireservation.it/v1/oauth2/authorizations
[2026-10-08 10:16:52] [WARNING] Token non ottenuto. Skip di questo ciclo.
[2026-10-08 10:17:22] [ERROR] Errore autenticazione: 403 Client Error: Forbidden for url: https://api.ireservation.it/v1/oauth2/authorizations
[2026-10-08 10:17:22] [WARNING] Token non ottenuto. Skip di questo ciclo.
